use newbatch;
Database changed
mysql> show tables;
+--------------------+
| Tables_in_newbatch |
+--------------------+
| emp                |
| student            |
| subjects           |
+--------------------+
3 rows in set (0.01 sec)

mysql> select * from emp;
+-----+------------+--------+------------+------+-------+-----------+
| eid | ename      | gender | birthdate  | eage | esal  | birthtime |
+-----+------------+--------+------------+------+-------+-----------+
| 101 | Abhi       | M      | 01-07-2002 |   22 | 50000 | 02:30     |
| 102 | Sandesh    | M      | 13-07-2003 |   23 | 60000 | 02:55     |
| 103 | Narayan    | M      | 04-04-2003 |   22 | 70000 | 04:30     |
| 104 | Shreyash   | M      | 21-11-2003 |   23 | 80000 | 04:20     |
| 105 | Vishwajeet | M      | 07-03-2003 |   23 | 90000 | 04:15     |
| 106 | Om         | M      | 23-11-2003 |   22 | 80000 | NULL      |
+-----+------------+--------+------------+------+-------+-----------+
6 rows in set (0.06 sec)

mysql> select * from student;
+-------+----------+----------+
| rolno | name     | city     |
+-------+----------+----------+
|     1 | Abhishek | Kop      |
|     2 | Sandesh  |          |
|     3 | Aditya   | Parbhani |
|     4 | Shreyash | Solapur  |
|     5 | Om       | Nagar    |
+-------+----------+----------+
5 rows in set (0.03 sec)

mysql> select * from subjects;
+-----+-----------+------+
| sid | sname     | city |
+-----+-----------+------+
|   1 | Physics   |    1 |
|   2 | Chemistry |    2 |
|   3 | Maths     |    3 |
|   4 | Bio       |    4 |
+-----+-----------+------+
4 rows in set (0.03 sec)

mysql> create index indemp on emp(birthdate);
Query OK, 0 rows affected (0.09 sec)
Records: 0  Duplicates: 0  Warnings: 0

mysql> show index from emp;
+-------+------------+----------+--------------+-------------+-----------+-------------+----------+--------+------+------------+---------+---------------+---------+------------+
| Table | Non_unique | Key_name | Seq_in_index | Column_name | Collation | Cardinality | Sub_part | Packed | Null | Index_type | Comment | Index_comment | Visible | Expression |
+-------+------------+----------+--------------+-------------+-----------+-------------+----------+--------+------+------------+---------+---------------+---------+------------+
| emp   |          0 | PRIMARY  |            1 | eid         | A         |           6 |     NULL |   NULL |      | BTREE      |         |               | YES     | NULL       |
| emp   |          1 | indemp   |            1 | birthdate   | A         |           6 |     NULL |   NULL | YES  | BTREE      |         |               | YES     | NULL       |
+-------+------------+----------+--------------+-------------+-----------+-------------+----------+--------+------+------------+---------+---------------+---------+------------+
2 rows in set (0.02 sec)

mysql> drop table indemp on emp;
ERROR 1064 (42000): You have an error in your SQL syntax; check the manual that corresponds to your MySQL server version for the right syntax to use near 'on emp' at line 1
mysql> drop index indemp on emp;
Query OK, 0 rows affected (0.02 sec)
Records: 0  Duplicates: 0  Warnings: 0

mysql> show index from emp;
+-------+------------+----------+--------------+-------------+-----------+-------------+----------+--------+------+------------+---------+---------------+---------+------------+
| Table | Non_unique | Key_name | Seq_in_index | Column_name | Collation | Cardinality | Sub_part | Packed | Null | Index_type | Comment | Index_comment | Visible | Expression |
+-------+------------+----------+--------------+-------------+-----------+-------------+----------+--------+------+------------+---------+---------------+---------+------------+
| emp   |          0 | PRIMARY  |            1 | eid         | A         |           6 |     NULL |   NULL |      | BTREE      |         |               | YES     | NULL       |
+-------+------------+----------+--------------+-------------+-----------+-------------+----------+--------+------+------------+---------+---------------+---------+------------+
1 row in set (0.00 sec)

mysql> select * from student;
+-------+----------+----------+
| rolno | name     | city     |
+-------+----------+----------+
|     1 | Abhishek | Kop      |
|     2 | Sandesh  |          |
|     3 | Aditya   | Parbhani |
|     4 | Shreyash | Solapur  |
|     5 | Om       | Nagar    |
+-------+----------+----------+
5 rows in set (0.00 sec)

mysql>  create index indstud on students(city);
ERROR 1146 (42S02): Table 'newbatch.students' doesn't exist
mysql>  create index indstud on student(city);
Query OK, 0 rows affected (0.06 sec)
Records: 0  Duplicates: 0  Warnings: 0

mysql> show index from student;
+---------+------------+----------+--------------+-------------+-----------+-------------+----------+--------+------+------------+---------+---------------+---------+------------+
| Table   | Non_unique | Key_name | Seq_in_index | Column_name | Collation | Cardinality | Sub_part | Packed | Null | Index_type | Comment | Index_comment | Visible | Expression |
+---------+------------+----------+--------------+-------------+-----------+-------------+----------+--------+------+------------+---------+---------------+---------+------------+
| student |          0 | PRIMARY  |            1 | rolno       | A         |           5 |     NULL |   NULL |      | BTREE      |         |               | YES     | NULL       |
| student |          1 | indstud  |            1 | city        | A         |           5 |     NULL |   NULL | YES  | BTREE      |         |               | YES     | NULL       |
+---------+------------+----------+--------------+-------------+-----------+-------------+----------+--------+------+------------+---------+---------------+---------+------------+
2 rows in set (0.01 sec)